AR ha dataflow D:/Aalok/Xilinx/HA_adder/HA_adder.vhd sub00/vhpl01 1367497175
EN ha NULL D:/Aalok/Xilinx/HA_adder/HA_adder.vhd sub00/vhpl00 1367497145
AR ha_adder dataflow D:/Aalok/Xilinx/HA_adder/HA_adder.vhd sub00/vhpl03 1367497464
EN ha_adder NULL D:/Aalok/Xilinx/HA_adder/HA_adder.vhd sub00/vhpl02 1367497463
