V3 5
FL D:/Aalok/Xilinx/HA_adder/HA_adder.vhd 2013/05/02.17:53:10 J.36
EN work/HA_adder 1367497463 FL D:/Aalok/Xilinx/HA_adder/HA_adder.vhd \
      PB ieee/std_logic_1164 1177545575 PB ieee/std_logic_arith 1177545576 \
      PB ieee/STD_LOGIC_UNSIGNED 1177545583
AR work/HA_adder/dataflow 1367497464 \
      FL D:/Aalok/Xilinx/HA_adder/HA_adder.vhd EN work/HA_adder 1367497463
