EN sr_flip NULL D:/Aalok/Xilinx/SR_flipflop/sr_flip.vhw sub00/vhpl02 1367500297
AR sr_flip testbench_arch D:/Aalok/Xilinx/SR_flipflop/sr_flip.vhw sub00/vhpl03 1367500298
AR sr testbench_arch D:/Aalok/Xilinx/SR_flipflop/sr.vhw sub00/vhpl05 1367500457
EN sr_flipflop NULL D:/Aalok/Xilinx/SR_flipflop/SR_flipflop.vhd sub00/vhpl00 1367500454
AR sr_flipflop behavioral D:/Aalok/Xilinx/SR_flipflop/SR_flipflop.vhd sub00/vhpl01 1367500455
EN sr NULL D:/Aalok/Xilinx/SR_flipflop/sr.vhw sub00/vhpl04 1367500456
