V3 3
FL D:/Aalok/Xilinx/And_gate/and_gate.vhd 2013/05/02.17:41:10 J.36
EN work/and_gate 1367496678 FL D:/Aalok/Xilinx/And_gate/and_gate.vhd \
      PB ieee/std_logic_1164 1177545575 PB ieee/std_logic_arith 1177545576 \
      PB ieee/STD_LOGIC_UNSIGNED 1177545583
AR work/and_gate/dataflow 1367496679 \
      FL D:/Aalok/Xilinx/And_gate/and_gate.vhd EN work/and_gate 1367496678
