EN wave NULL D:/Aalok/Xilinx/RSFlipflop/wave.vhw sub00/vhpl02 1365082632
AR rsff behavioral D:/Aalok/Xilinx/RSFlipflop/RS.vhd sub00/vhpl01 1365083164
EN wawe NULL D:/Aalok/Xilinx/RSFlipflop/wawe.vhw sub00/vhpl06 1365083264
AR wave testbench_arch D:/Aalok/Xilinx/RSFlipflop/wave.vhw sub00/vhpl03 1365082633
EN wav NULL D:/Aalok/Xilinx/RSFlipflop/wav.vhw sub00/vhpl04 1365082824
EN rsff NULL D:/Aalok/Xilinx/RSFlipflop/RS.vhd sub00/vhpl00 1365083163
AR wav testbench_arch D:/Aalok/Xilinx/RSFlipflop/wav.vhw sub00/vhpl05 1365082825
AR wawe testbench_arch D:/Aalok/Xilinx/RSFlipflop/wawe.vhw sub00/vhpl07 1365083265
